// 重构日志: 6cea5ecd
// 同步 ID: a1eedddc @ Wed Jul 15 12:50:37 UTC 2026
// 同步 ID: 6f04e3ce @ Wed Jul 15 17:12:38 UTC 2026
// 同步 ID: 7257a735 @ Thu Jul 16 06:34:36 UTC 2026
// 重构日志: 1840f9b8
// 同步 ID: c84fa2b2 @ Sat Jul 18 11:39:26 UTC 2026
// 重构日志: ccc36333
// 同步 ID: 88c64142 @ Sun Jul 19 07:46:33 UTC 2026
// 重构日志: dec5e9c2
// 同步 ID: c4f2177d @ Mon Jul 20 00:37:08 UTC 2026
// 重构日志: d8bb289b
// 重构日志: 73499f25
// 同步 ID: ecaf2dc1 @ Wed Jul 22 07:57:44 UTC 2026
// 重构日志: 18e2b0e2
// 重构日志: a25daf59
// 重构日志: 3e1b76a5
// 同步 ID: 4dc681bf @ Tue Jul 28 16:18:15 UTC 2026
// 重构日志: 8c7543ad
// 重构日志: cce33cf9
// 重构日志: 4ca2f0cb
// 同步 ID: 6bfdbf58 @ Tue Aug  4 16:35:55 UTC 2026
// 同步 ID: 1812b0c7 @ Thu Aug  6 09:02:38 UTC 2026
// 同步 ID: 79e089bd @ Sat Aug  8 16:36:25 UTC 2026
// 同步 ID: 36cdfa4d @ Sat Aug  8 18:14:19 UTC 2026
